@CO	Testing of base modification fixing for fixmate -M
@SQ	SN:I	LN:999
ok1	0	I	1	0	20M	*	0	0	AGCTCTCCAGAGTCGNACGC	XXXXXXXXXXXXXXXXXXXX	co:Z:primary
ok1	2048	I	4	0	3S14M3S	*	0	0	AGCTCTCCAGAGTCGNACGC	XXXXXXXXXXXXXXXXXXXX	co:Z:supplementary-S
ok1	256	I	4	0	3H14M3H	*	0	0	TCTCCAGAGTCGNA	XXXXXXXXXXXXXX	co:Z:secondary-H
ok1	256	I	9	0	8H4M8H	*	0	0	AGAG	XXXX	co:Z:secondary-H
