@SQ	SN:x	LN:5000
ok-st	0	x	1	1	100M	*	0	0	CCTAGCCCTAACCCTAACCCTAACCCTAGCCTAAGCCTAAGCCTAAGCCTAAGCCTAAGCCTAAGCCTAAGCCTAAGCCTAAGCCTAAGCCTAAGCCTAA	#############################@B?8B?BA@@DDBCDDCBC@CDCDCCCCCCCCCCCCCCCCCCCCCCCCCCCCCCCCCCCCCCCCCCCCCCC
ok-end	0	x	4901	1	100M	*	0	0	CCTAGCCCTAACCCTAACCCTAACCCTAGCCTAAGCCTAAGCCTAAGCCTAAGCCTAAGCCTAAGCCTAAGCCTAAGCCTAAGCCTAAGCCTAAGCCTAA	#############################@B?8B?BA@@DDBCDDCBC@CDCDCCCCCCCCCCCCCCCCCCCCCCCCCCCCCCCCCCCCCCCCCCCCCCC
trim1	0	x	4902	1	99M1S	*	0	0	CCTAGCCCTAACCCTAACCCTAACCCTAGCCTAAGCCTAAGCCTAAGCCTAAGCCTAAGCCTAAGCCTAAGCCTAAGCCTAAGCCTAAGCCTAAGCCTAA	#############################@B?8B?BA@@DDBCDDCBC@CDCDCCCCCCCCCCCCCCCCCCCCCCCCCCCCCCCCCCCCCCCCCCCCCCC
trim50	0	x	4951	1	50M50S	*	0	0	CCTAGCCCTAACCCTAACCCTAACCCTAGCCTAAGCCTAAGCCTAAGCCTAAGCCTAAGCCTAAGCCTAAGCCTAAGCCTAAGCCTAAGCCTAAGCCTAA	#############################@B?8B?BA@@DDBCDDCBC@CDCDCCCCCCCCCCCCCCCCCCCCCCCCCCCCCCCCCCCCCCCCCCCCCCC
trim50b	0	x	4951	1	50M50S20H	*	0	0	CCTAGCCCTAACCCTAACCCTAACCCTAGCCTAAGCCTAAGCCTAAGCCTAAGCCTAAGCCTAAGCCTAAGCCTAAGCCTAAGCCTAAGCCTAAGCCTAA	#############################@B?8B?BA@@DDBCDDCBC@CDCDCCCCCCCCCCCCCCCCCCCCCCCCCCCCCCCCCCCCCCCCCCCCCCC
trim50c	0	x	4961	1	10S40M50S	*	0	0	CCTAGCCCTAACCCTAACCCTAACCCTAGCCTAAGCCTAAGCCTAAGCCTAAGCCTAAGCCTAAGCCTAAGCCTAAGCCTAAGCCTAAGCCTAAGCCTAA	#############################@B?8B?BA@@DDBCDDCBC@CDCDCCCCCCCCCCCCCCCCCCCCCCCCCCCCCCCCCCCCCCCCCCCCCCC
trim50d	0	x	4961	1	10S40M50S22H	*	0	0	CCTAGCCCTAACCCTAACCCTAACCCTAGCCTAAGCCTAAGCCTAAGCCTAAGCCTAAGCCTAAGCCTAAGCCTAAGCCTAAGCCTAAGCCTAAGCCTAA	#############################@B?8B?BA@@DDBCDDCBC@CDCDCCCCCCCCCCCCCCCCCCCCCCCCCCCCCCCCCCCCCCCCCCCCCCC
trim99	0	x	5000	1	1M99S	*	0	0	CCTAGCCCTAACCCTAACCCTAACCCTAGCCTAAGCCTAAGCCTAAGCCTAAGCCTAAGCCTAAGCCTAAGCCTAAGCCTAAGCCTAAGCCTAAGCCTAA	#############################@B?8B?BA@@DDBCDDCBC@CDCDCCCCCCCCCCCCCCCCCCCCCCCCCCCCCCCCCCCCCCCCCCCCCCC
beyond1	4	*	0	0	*	*	0	0	CCTAGCCCTAACCCTAACCCTAACCCTAGCCTAAGCCTAAGCCTAAGCCTAAGCCTAAGCCTAAGCCTAAGCCTAAGCCTAAGCCTAAGCCTAAGCCTAA	#############################@B?8B?BA@@DDBCDDCBC@CDCDCCCCCCCCCCCCCCCCCCCCCCCCCCCCCCCCCCCCCCCCCCCCCCC
beyond2	4	*	0	0	*	*	0	0	CCTAGCCCTAACCCTAACCCTAACCCTAGCCTAAGCCTAAGCCTAAGCCTAAGCCTAAGCCTAAGCCTAAGCCTAAGCCTAAGCCTAAGCCTAAGCCTAA	#############################@B?8B?BA@@DDBCDDCBC@CDCDCCCCCCCCCCCCCCCCCCCCCCCCCCCCCCCCCCCCCCCCCCCCCCC	X0:i:100	X1:i:200
beyond3	4	*	0	0	*	*	0	0	CCTAGCCCTAACCCTAACCCTAACCCTAGCCTAAGCCTAAGCCTAAGCCTAAGCCTAAGCCTAAGCCTAAGCCTAAGCCTAAGCCTAAGCCTAAGCCTAA	#############################@B?8B?BA@@DDBCDDCBC@CDCDCCCCCCCCCCCCCCCCCCCCCCCCCCCCCCCCCCCCCCCCCCCCCCC
beyond4	4	*	0	0	*	*	0	0	CCTAGCCCTAACCCTAACCCTAACCCTAGCCTAAGCCTAAGCCTAAGCCTAAGCCTAAGCCTAAGCCTAAGCCTAAGCCTAAGCCTAAGCCTAAGCCTAA	#############################@B?8B?BA@@DDBCDDCBC@CDCDCCCCCCCCCCCCCCCCCCCCCCCCCCCCCCCCCCCCCCCCCCCCCCC	X1:i:15551
