@ref1_grp1_p001/1
CGAGCTCGGT
+
!!!!!!!!!!
@ref1_grp1_p001/2
GTCGACTCTA
+
----------
@ref1_grp1_p002/1
CTCGGTACCC
+
##########
@ref1_grp1_p002/2
GCAGGTCGAC
+
//////////
@ref1_grp1_p003/1
GTACCCGGGG
+
%%%%%%%%%%
@ref1_grp1_p003/2
GCCTGCAGGT
+
1111111111
@ref1_grp1_p004/1
CCGGGGATCC
+
''''''''''
@ref1_grp1_p004/2
GCATGCCTGC
+
3333333333
@ref1_grp1_p005/1
GGATCCTCTA
+
))))))))))
@ref1_grp1_p005/2
GCTTGCATGC
+
5555555555
@ref1_grp1_p006/1
CCTCTAGAGT
+
++++++++++
@ref1_grp1_p006/2
TCAAGCTTGC
+
7777777777
@ref1_grp2_p001/1
AGCTCGGTAC
+
""""""""""
@ref1_grp2_p001/2
AGGTCGACTC
+
..........
@ref1_grp2_p002/1
CGGTACCCGG
+
$$$$$$$$$$
@ref1_grp2_p002/2
CTGCAGGTCG
+
0000000000
@ref1_grp2_p003/1
ACCCGGGGAT
+
&&&&&&&&&&
@ref1_grp2_p003/2
ATGCCTGCAG
+
2222222222
@ref1_grp2_p004/1
GGGGATCCTC
+
((((((((((
@ref1_grp2_p004/2
TTGCATGCCT
+
4444444444
@ref1_grp2_p005/1
ATCCTCTAGA
+
**********
@ref1_grp2_p005/2
AAGCTTGCAT
+
6666666666
@ref1_grp2_p006/1
TCTAGAGTCG
+
,,,,,,,,,,
@ref1_grp2_p006/2
ACTCAAGCTT
+
8888888888
@ref2_grp3_p001/1
GTGACACTATAGAAT
+
~~~~~~~~~~~~~~~
@ref2_grp3_p001/2
CTGTTTCCTGTGTGA
+
|||||||||||||||
@ref2_grp3_p002/1
CTGTTTCCTGTGTGA
+
{{{{{{{{{{{{{{{
@ref2_grp3_p002/2
CGCCAAGCTATTTAG
+
}}}}}}}}}}}}}}}
@ref2_grp3_p003/1
ACGTMRWSYKVHDBN
+
0123456789abcd!
@ref2_grp3_p003/2
ACGTMRWSYKVHDBN
+
0123456789abcd!
@ref12_grp1_p001/1
TGCAGGCATG
+
AAAAAAAAAA
@ref12_grp1_p001/2
CACTATAGAA
+
BBBBBBBBBB
@ref12_grp2_p001/1
CAAGCTTGAG
+
AAAAAAAAAA
@ref12_grp2_p001/2
ATTTAGGTGA
+
BBBBBBBBBB
@unaligned_grp3_p001/1
CACTCGTTCATGACG
+
0123456789abcde
@unaligned_grp3_p001/2
GAAAGTGAGGAGGTG
+
edcba9876543210
