>ref1_grp1_p001/1
CGAGCTCGGT
>ref1_grp1_p001/2
GTCGACTCTA
>ref1_grp1_p002/1
CTCGGTACCC
>ref1_grp1_p002/2
GCAGGTCGAC
>ref1_grp1_p003/1
GTACCCGGGG
>ref1_grp1_p003/2
GCCTGCAGGT
>ref1_grp1_p004/1
CCGGGGATCC
>ref1_grp1_p004/2
GCATGCCTGC
>ref1_grp1_p005/1
GGATCCTCTA
>ref1_grp1_p005/2
GCTTGCATGC
>ref1_grp1_p006/1
CCTCTAGAGT
>ref1_grp1_p006/2
TCAAGCTTGC
>ref1_grp2_p001/1
AGCTCGGTAC
>ref1_grp2_p001/2
AGGTCGACTC
>ref1_grp2_p002/1
CGGTACCCGG
>ref1_grp2_p002/2
CTGCAGGTCG
>ref1_grp2_p003/1
ACCCGGGGAT
>ref1_grp2_p003/2
ATGCCTGCAG
>ref1_grp2_p004/1
GGGGATCCTC
>ref1_grp2_p004/2
TTGCATGCCT
>ref1_grp2_p005/1
ATCCTCTAGA
>ref1_grp2_p005/2
AAGCTTGCAT
>ref1_grp2_p006/1
TCTAGAGTCG
>ref1_grp2_p006/2
ACTCAAGCTT
>ref2_grp3_p001/1
GTGACACTATAGAAT
>ref2_grp3_p001/2
CTGTTTCCTGTGTGA
>ref2_grp3_p002/1
CTGTTTCCTGTGTGA
>ref2_grp3_p002/2
CGCCAAGCTATTTAG
>ref2_grp3_p003/1
ACGTMRWSYKVHDBN
>ref2_grp3_p003/2
ACGTMRWSYKVHDBN
>ref12_grp1_p001/1
TGCAGGCATG
>ref12_grp1_p001/2
CACTATAGAA
>ref12_grp2_p001/1
CAAGCTTGAG
>ref12_grp2_p001/2
ATTTAGGTGA
>unaligned_grp3_p001/1
CACTCGTTCATGACG
>unaligned_grp3_p001/2
GAAAGTGAGGAGGTG
