@entry1/1
AAAAAAAAAAAAAAAAAAAAAAAAA
+
abcdefghijklmnopqrstuvwxy
@entry1/2
TTTTTTTTTTTTTTTTTTTT
+
vutsrqponmlkjihgfedc
@entry2/1
AAAAAAAAAAAAAAAAAAAAA
+
cdefghijklmnopqrstuvw
@entry2/2
TTTTTTTTTTTTTTTTTTTT
+
yxwvutsrqponmlkjihgf
@entry3/1
AAAAAAAAAAAAAAAAAAAA
+
abcdefghijklmnopqrst
@entry4/1
AAAAAAAAAAAAAAAAAAAAAA
+
bcdefghijknopqrstuvwxy
@entry5/1
AAAAAAAAAAAAAAAAAAAAAA
+
defghijklmnopqrstuvwxy
@entry10/1
AAA
+
abc
@entry11/1
AAA
+
abc
@entry13/1
AAAAAAAAAAAAAAAAAAAAAAAAA
+
abcdefghijklmnopqrstuvwxy
@entry14/1
AAAAAAAAAAAA
+
abdefghijklm
@entry15/1
AAAAAAAAAAAAA
+
abdefghijklmn
@entry16/1
AAAAAAAAAAAAA
+
1334444455555
@entry17/1
AAAAAAAAAAAA
+
copqrstuvwxy
@entry18/1
AAAAAAAAAAAAAAAAAAAAAA
+
cdefghijklmnopqrstuvwx
