@ref1_grp1_p001/1
CGAGCTCGGT
+
!!!!!!!!!!
@ref1_grp1_p002/1
CTCGGTACCC
+
##########
@ref1_grp1_p003/1
GTACCCGGGG
+
%%%%%%%%%%
@ref1_grp1_p004/1
CCGGGGATCC
+
''''''''''
@ref1_grp1_p005/1
GGATCCTCTA
+
))))))))))
@ref1_grp1_p006/1
CCTCTAGAGT
+
++++++++++
@ref1_grp2_p001/1
AGCTCGGTAC
+
""""""""""
@ref1_grp2_p002/1
CGGTACCCGG
+
$$$$$$$$$$
@ref1_grp2_p003/1
ACCCGGGGAT
+
&&&&&&&&&&
@ref1_grp2_p004/1
GGGGATCCTC
+
((((((((((
@ref1_grp2_p005/1
ATCCTCTAGA
+
**********
@ref1_grp2_p006/1
TCTAGAGTCG
+
,,,,,,,,,,
@ref2_grp3_p001/1
GTGACACTATAGAAT
+
~~~~~~~~~~~~~~~
@ref2_grp3_p002/1
CTGTTTCCTGTGTGA
+
{{{{{{{{{{{{{{{
@ref2_grp3_p003/1
ACGTMRWSYKVHDBN
+
0123456789abcd!
@ref12_grp1_p001/1
TGCAGGCATG
+
AAAAAAAAAA
@ref12_grp2_p001/1
CAAGCTTGAG
+
AAAAAAAAAA
