@ref1_grp1_p001 1:N:0:ACGT
CGAGCTCGGT
+
!!!!!!!!!!
@ref1_grp1_p002 1:N:0:AATTCCGG
CTCGGTACCC
+
##########
@ref1_grp1_p003 1:N:0:0
GTACCCGGGG
+
%%%%%%%%%%
@ref1_grp1_p004 1:N:0:0
CCGGGGATCC
+
''''''''''
@ref1_grp1_p005 1:N:0:0
GGATCCTCTA
+
))))))))))
@ref1_grp1_p006 1:N:0:0
CCTCTAGAGT
+
++++++++++
@ref1_grp2_p001 1:N:0:TGCA
AGCTCGGTAC
+
""""""""""
@ref1_grp2_p002 1:N:0:0
CGGTACCCGG
+
$$$$$$$$$$
@ref1_grp2_p003 1:N:0:0
ACCCGGGGAT
+
&&&&&&&&&&
@ref1_grp2_p004 1:N:0:0
GGGGATCCTC
+
((((((((((
@ref1_grp2_p005 1:N:0:0
ATCCTCTAGA
+
**********
@ref1_grp2_p006 1:N:0:0
TCTAGAGTCG
+
,,,,,,,,,,
@ref2_grp3_p001 1:N:0:0
GTGACACTATAGAAT
+
~~~~~~~~~~~~~~~
@ref2_grp3_p002 1:N:0:0
CTGTTTCCTGTGTGA
+
{{{{{{{{{{{{{{{
@ref2_grp3_p003 1:N:0:0
ACGTMRWSYKVHDBN
+
0123456789abcd!
@ref12_grp1_p001 1:N:0:0
TGCAGGCATG
+
AAAAAAAAAA
@ref12_grp2_p001 1:N:0:0
CAAGCTTGAG
+
AAAAAAAAAA
