@HS2000-355_269:2:1108:12969:26408
CCCTAACCCTAACCCTAACCCTAACCCTAACCCTAACCCTAACCCTAACCCTAACCCTAACCCTAACCCTAACCCTAACCCTAACCCTAACCCTAACCCT
+
BCBFFFFFGGHHHJJJJIIJGIIIJIJIJIJII990?G=)?0?FH<GEF=CCFEE@G2=C?EE(;CB9;6@6(5??(559<?,9?AB239<2<8<928?8
@HS2000-355_269:2:2312:2459:22449
CCTAACCCTAACCCTAACCCTAACCCTAACCCTAACCCTAACCCTAACCCTAACCCAAACCCTAACCCTAACCGTAACTCTAACCCTAACCCTATCTCAA
+
@@@FFBFD8CDHHIBBHIIHIFHH3811)?:)?9):B)B#############################################################
@HS2000-355_269:1:2307:11945:73421
TAACCCTAACCCTAACCCTAACCCTAACCCTAACCCTAACCCTAACCCAACCCTAACCCTAACCCTAACCATAACCCTAACCCTAACCCTAACCCTAACC
+
@@@DFFDEHFHFHHGIJJGIJGHIGEGGHIIFEEHEGHHBBAA;?B@F(B(;;=)==66=?EE>?@7;;A##############################
@HS2000-355_269:1:1114:7529:75240
TAACCCTAACCCTAACCCTAACCCTAACCCTAACCCTACCCTAACCCTAACCCTCACCCTAACCCTAACCCTAACCCTAACCCTAACCCCAACCCTACCC
+
@CCFFFFFDDAFB@GGHFGH@FHIFECBGAEC9CBBF?GFGDGIEGG>GCGI;=(8.6@=A)=???;?6;;66=2;;(,5<AB@5??#############
@HS2000-355_269:2:2302:12695:6571
CTAACCCTAACCCTAACCCTAACCCTAACCCTAACCCTAACCCCTAACCCTAACCCTAACCCTAACCCTAACCCTAACCCTAACCCTAACCCTAACCACA
+
@@@FBEFDDHHHHIIIIIFFAHGGHHGE??C8C;;FFB>;D>;@DEC@H(=FA@(==@)6=22)7;;?A>AA2;;;?@A#####################
@HS2000-690_130:8:2104:17804:42012
ACCCTAACCCTAACCCTAACCCTAACCCTAACCCTAACCCTAACCCTAACCCTAACCCTAACCCTAACCCTAACCCCAACCCCAACCCCCACCCCCACCC
+
CCCFFFFFHGDFHIIJJIIJJIGFHEHIIIJIGIEGDHHIIJJJHIHI=D(BC@FG2;=CEECH@CDF################################
@HS2000-355_269:2:2213:5874:97462
ACCCTAACCCTAACCCTAACCCTAACCCTAACCCTAACCCTAACCCTACCCCTAACCCTAACCCAAACCCTAACCCTAACCACAACCCACACCCATATCT
+
@@@FDFADHDDBFG;CGB;BFHDHGGIG3CGGCC;9?GDF939BFG(B####################################################
