@HS2000-355_269:1:2307:11945:73421
AGGGTTAGGGTTAGGGTTAGGGTTAGGGTTAGGGTTAGGGTTAGGGTTAGGGGTAGGGTTAGGGTTAGGGTTAGGGTTAGGGTTAGGGTTGGGGTTGGGG
+
?@@DBDBDFAAC;CBG<CGGII@GHCHGGEHAH@?DGDG2*??DFF*=BFCH'55@;??;6;@#####################################
@HS2000-355_269:2:1108:12969:26408
AGGGTTGGGTTAGGGTTGGGTTAGGGTTAGGGTTAGGGTTAGGGTTAGGGTTAGGGTTAGGGGTAGGGTTAGGGTTGGGGTTTGGGGTGGGGTTGGGGGT
+
@@@FDDFFFFFADHIEHGII@G?GIG?DAHII9B@DFG8BBFCG)=BGEHAAA=AH76?@CC','5=B59(9?A##########################
@HS2000-690_130:8:1215:11245:58923
ACACTAACCCGAACCCTAACACAAACCCTAACCCTAACCCTAACCCTAACCCTAACGCGAACACCAACCATAACCCTAACCAACACACTAACGCTAACCC
+
=>;AAA+AAB6AA12?22?@*:)?1??ABB######################################################################
