@RG	ID:fish	PG:donkey
@RG	ID:cow	PU:13_&^&&*(:332
@RG	PU:*9u8jkjjkjd:	ID:colt
r000	77	*	0	0	*	*	0	0	ATTTAGCTAC	AAAAAAAAAA	PG:Z:bull	RG:Z:cow
r000	205	*	0	0	*	*	0	0	AATGATTGGG	AAAAAAAAAA	PG:Z:bull	RG:Z:cow
r001	141	*	0	0	*	*	0	0	TTAGATAAAGAGGATACTG	*	XX:B:S,12561,2,20,112	YY:i:100	PG:Z:colt	RG:Z:fish
r002	4	*	0	0	*	*	0	0	AAAAGATAAGGGATAAA	*	XA:Z:abc	XB:i:-10	PG:Z:colt
r003	4	*	0	0	*	*	0	0	AGCTAA	*	RG:Z:cow
r004	4	*	0	0	*	*	0	0	ATAGCTCTCAGC	*	PG:Z:colt	RG:Z:colt
r003	4	*	0	0	*	*	0	0	GCCTA	*	PG:Z:colt	RG:Z:cow
r001	77	*	0	0	*	*	0	0	ATGGCGCTG	*	PG:Z:colt	RG:Z:fish
x1	4	*	0	0	*	*	0	0	AGGTTTTATAAAACAAATAA	*	PG:Z:bull	RG:Z:colt
x2	4	*	0	0	*	*	0	0	GGTTTTATAAAACAAATAATT	?????????????????????	PG:Z:bull	RG:Z:colt
x3	4	*	0	0	*	*	0	0	TTATAAAACAAATAATTAAGTCTACA	??????????????????????????	PG:Z:bull	RG:Z:fish
x4	4	*	0	0	*	*	0	0	CAAATAATTAAGTCTACAGAGCAAC	?????????????????????????	PG:Z:bull	RG:Z:fish
x5	4	*	0	0	*	*	0	0	AATAATTAAGTCTACAGAGCAACT	????????????????????????	PG:Z:bull	RG:Z:fish
x6	4	*	0	0	*	*	0	0	TAATTAAGTCTACAGAGCAACTA	???????????????????????	RG:Z:cow
u1	4	*	0	0	*	*	0	0	TAATTAAGTCTACAGAAAAAAAA	???????????????????????
