@RG	ID:fish	PG:donkey
@RG	ID:cow	PU:13_&^&&*(:332
@RG	PU:*9u8jkjjkjd:	ID:colt
r000	77	*	0	0	*	*	0	0	ATTTAGCTAC	AAAAAAAAAA	RG:Z:cow	PG:Z:bull
r000	205	*	0	0	*	*	0	0	AATGATTGGG	AAAAAAAAAA	RG:Z:cow	PG:Z:bull
r001	141	*	0	0	*	*	0	0	TTAGATAAAGAGGATACTG	*	XX:B:S,12561,2,20,112	YY:i:100	RG:Z:fish	PG:Z:colt
r002	4	*	0	0	*	*	0	0	AAAAGATAAGGGATAAA	*	XA:Z:abc	XB:i:-10	PG:Z:colt
r003	4	*	0	0	*	*	0	0	AGCTAA	*	RG:Z:cow
r004	4	*	0	0	*	*	0	0	ATAGCTCTCAGC	*	RG:Z:colt	PG:Z:colt
r003	4	*	0	0	*	*	0	0	GCCTA	*	RG:Z:cow	PG:Z:colt
r001	77	*	0	0	*	*	0	0	ATGGCGCTG	*	RG:Z:fish	PG:Z:colt
x1	4	*	0	0	*	*	0	0	AGGTTTTATAAAACAAATAA	*	RG:Z:colt	PG:Z:bull
x2	4	*	0	0	*	*	0	0	GGTTTTATAAAACAAATAATT	?????????????????????	RG:Z:colt	PG:Z:bull
x3	4	*	0	0	*	*	0	0	TTATAAAACAAATAATTAAGTCTACA	??????????????????????????	RG:Z:fish	PG:Z:bull
x4	4	*	0	0	*	*	0	0	CAAATAATTAAGTCTACAGAGCAAC	?????????????????????????	RG:Z:fish	PG:Z:bull
x5	4	*	0	0	*	*	0	0	AATAATTAAGTCTACAGAGCAACT	????????????????????????	RG:Z:fish	PG:Z:bull
x6	4	*	0	0	*	*	0	0	TAATTAAGTCTACAGAGCAACTA	???????????????????????	RG:Z:cow
u1	4	*	0	0	*	*	0	0	TAATTAAGTCTACAGAAAAAAAA	???????????????????????
