@HD	VN:1.4
@SQ	SN:insert	LN:599
@SQ	SN:ref1	LN:45
@SQ	SN:ref2	LN:40
@SQ	SN:ref3	LN:4
@RG	ID:fish	PG:donkey
@RG	ID:cow	PU:13_&^&&*(:332
@RG	PU:*9u8jkjjkjd:	ID:colt
@PG	ID:bull	PP:donkey
@PG	ID:donkey
@PG	ID:moose
@PG	PP:moose	ID:cow
@PG	ID:llama
@CO	
@CO	Do you know?
x1	0	ref2	1	30	20M	*	0	0	AGGTTTTATAAAACAAATAA	*	RG:Z:colt	PG:Z:bull
x7	0	ref2	1	30	20M	*	0	0	AGGTTTTATAAAACAAATAA	*	RG:Z:cow	PG:Z:bull
x2	0	ref2	2	30	21M	*	0	0	GGTTTTATAAAACAAATAATT	?????????????????????	RG:Z:colt	PG:Z:bull
x8	0	ref2	2	30	21M	*	0	0	GGTTTTATAAAACAAATAATT	?????????????????????	RG:Z:cow	PG:Z:bull
x3	0	ref2	6	30	9M4I13M	*	0	0	TTATAAAACAAATAATTAAGTCTACA	??????????????????????????	RG:Z:fish	PG:Z:bull
x9	0	ref2	6	30	9M4I13M	*	0	0	TTATAAAACAAATAATTAAGTCTACA	??????????????????????????	RG:Z:cow	PG:Z:bull
x4	0	ref2	10	30	25M	*	0	0	CAAATAATTAAGTCTACAGAGCAAC	?????????????????????????	RG:Z:fish	PG:Z:bull
x10	0	ref2	10	30	25M	*	0	0	CAAATAATTAAGTCTACAGAGCAAC	?????????????????????????	RG:Z:cow	PG:Z:bull
x5	0	ref2	12	30	24M	*	0	0	AATAATTAAGTCTACAGAGCAACT	????????????????????????	RG:Z:fish	PG:Z:bull
x11	0	ref2	12	30	24M	*	0	0	AATAATTAAGTCTACAGAGCAACT	????????????????????????	RG:Z:cow	PG:Z:bull
x6	0	ref2	14	30	23M	*	0	0	TAATTAAGTCTACAGAGCAACTA	???????????????????????	RG:Z:cow
x12	0	ref2	14	30	23M	*	0	0	TAATTAAGTCTACAGAGCAACTA	???????????????????????	RG:Z:cow	PG:Z:bull
